Bï¿½ï¿½Jï¿½ï¿½Ñ¹esp32: SPI Speed      :ets Jun  8 2016 00:22:57

rst:0x1 (POWERON_RESET),boot:0x13 (SPI_FAST_FLASH_BOOT)
configsip: 0, SPIWP:0xee
clk_drv:0x00,q_drv:0x00,d_drv:0x00,cs0_drv:0x00,hd_drv:0x00,wp_drv:0x00
mode:DIO, clock div:2
load:0x3fff0030,len:6276
load:0x40078000,len:15748
load:0x40080400,len:4
ho 8 tail 4 room 4
load:0x40080404,len:3860
entry 0x4008063c
[0;32mI (31) boot: ESP-IDF v5.4.1 2nd stage bootloader[0m
[0;32mI (31) boot: compile time Jun  4 2025 23:19:08[0m
[0;32mI (31) boot: Multicore bootloader[0m
[0;32mI (32) boot: chip revision: v1.0[0m
[0;32mI (35) boot.esp32: SPI Speed      : 40MHz[0m
[0;32mI (39) boot.esp32: SPI Mode       : DIO[0m
[0;32mI (42) boot.esp32: SPI Flash Size : 2MB[0m
[0;32mI (46) boot: Enabling RNG early entropy source...[0m
[0;32mI (50) boot: Partition Table:[0m
[0;32mI (53) boot: ## Label            Usage          Type ST Offset   Length[0m
[0;32mI (59) boot:  0 nvs              WiFi data        01 02 00009000 00006000[0m
[0;32mI (66) boot:  1 phy_init         RF data          01 01 0000f000 00001000[0m
[0;32mI (72) boot:  2 factory          factory app      00 00 00010000 00100000[0m
[0;32mI (79) boot: End of partition table[0m
[0;32mI (82) esp_image: segment 0: paddr=00010020 vaddr=3f400020 size=1aed4h (110292) map[0m
[0;32mI (127) esp_image: segment 1: paddr=0002aefc vaddr=3ff80000 size=0001ch (    28) load[0m
[0;32mI (128) esp_image: segment 2: paddr=0002af20 vaddr=3ffb0000 size=03f90h ( 16272) load[0m
[0;32mI (137) esp_image: segment 3: paddr=0002eeb8 vaddr=40080000 size=01160h (  4448) load[0m
[0;32mI (140) esp_image: segment 4: paddr=00030020 vaddr=400d0020 size=88d1ch (560412) map[0m
[0;32mI (338) esp_image: segment 5: paddr=000b8d44 vaddr=40081160 size=17764h ( 96100) load[0m
[0;32mI (387) boot: Loaded app from partition at offset 0x10000[0m
[0;32mI (387) boot: Disabling RNG early entropy source...[0m
[0;32mI (397) cpu_start: Multicore app[0m
[0;32mI (406) cpu_start: Pro cpu start user code[0m
[0;32mI (406) cpu_start: cpu freq: 160000000 Hz[0m
[0;32mI (406) app_init: Application information:[0m
[0;32mI (406) app_init: Project name:     WLAN_MEMS[0m
[0;32mI (410) app_init: App version:      7c49bee-dirty[0m
[0;32mI (414) app_init: Compile time:     Jun  6 2025 16:53:45[0m
[0;32mI (419) app_init: ELF file SHA256:  0c02aeaab...[0m
[0;32mI (424) app_init: ESP-IDF:          v5.4.1[0m
[0;32mI (428) efuse_init: Min chip rev:     v0.0[0m
[0;32mI (431) efuse_init: Max chip rev:     v3.99 [0m
[0;32mI (435) efuse_init: Chip rev:         v1.0[0m
[0;32mI (440) heap_init: Initializing. RAM available for dynamic allocation:[0m
[0;32mI (446) heap_init: At 3FFAE6E0 len 00001920 (6 KiB): DRAM[0m
[0;32mI (451) heap_init: At 3FFB8260 len 00027DA0 (159 KiB): DRAM[0m
[0;32mI (456) heap_init: At 3FFE0440 len 00003AE0 (14 KiB): D/IRAM[0m
[0;32mI (461) heap_init: At 3FFE4350 len 0001BCB0 (111 KiB): D/IRAM[0m
[0;32mI (467) heap_init: At 400988C4 len 0000773C (29 KiB): IRAM[0m
[0;32mI (474) spi_flash: detected chip: generic[0m
[0;32mI (476) spi_flash: flash io: dio[0m
[0;33mW (479) spi_flash: Detected size(4096k) larger than the size in the binary image header(2048k). Using the size in the binary image header.[0m
[0;33mW (491) ADC: legacy driver is deprecated, please migrate to `esp_adc/adc_oneshot.h`[0m
[0;33mW (498) i2s(legacy): legacy i2s driver is deprecated, please migrate to use driver/i2s_std.h, driver/i2s_pdm.h or driver/i2s_tdm.h[0m
[0;32mI (511) main_task: Started on CPU0[0m
[0;32mI (521) main_task: Calling app_main()[0m
[0;32mI (561) gpio: GPIO[2]| InputEn: 0| OutputEn: 1| OpenDrain: 0| Pullup: 0| Pulldown: 0| Intr:0 [0m
[0;32mI (571) wifi:wifi driver task: 3ffc5834, prio:23, stack:6656, core=0[0m
[0;32mI (591) wifi:wifi firmware version: 79fa3f41ba[0m
[0;32mI (591) wifi:wifi certification version: v7.0[0m
[0;32mI (591) wifi:config NVS flash: enabled[0m
[0;32mI (591) wifi:config nano formatting: disabled[0m
[0;32mI (591) wifi:Init data frame dynamic rx buffer num: 32[0m
[0;32mI (601) wifi:Init static rx mgmt buffer num: 5[0m
[0;32mI (601) wifi:Init management short buffer num: 32[0m
[0;32mI (601) wifi:Init dynamic tx buffer num: 32[0m
[0;32mI (611) wifi:Init static rx buffer size: 1600[0m
[0;32mI (611) wifi:Init static rx buffer num: 10[0m
[0;32mI (621) wifi:Init dynamic rx buffer num: 32[0m
[0;32mI (621) wifi_init: rx ba win: 6[0m
[0;32mI (621) wifi_init: accept mbox: 6[0m
[0;32mI (631) wifi_init: tcpip mbox: 32[0m
[0;32mI (631) wifi_init: udp mbox: 6[0m
[0;32mI (631) wifi_init: tcp mbox: 6[0m
[0;32mI (631) wifi_init: tcp tx win: 5760[0m
[0;32mI (641) wifi_init: tcp rx win: 5760[0m
[0;32mI (641) wifi_init: tcp mss: 1440[0m
[0;32mI (641) wifi_init: WiFi IRAM OP enabled[0m
[0;32mI (651) wifi_init: WiFi RX IRAM OP enabled[0m
[0;32mI (661) phy_init: phy_version 4860,6b7a6e5,Feb  6 2025,14:47:07[0m
[0;32mI (741) phy_init: Saving new calibration data due to checksum failure or outdated calibration data, mode(0)[0m
[0;32mI (761) wifi:mode : softAP (94:b9:7e:e9:09:0d)[0m
[0;32mI (771) wifi:Total power save buffer number: 16[0m
[0;32mI (771) wifi:Init max length of beacon: 752/752[0m
[0;32mI (771) wifi:Init max length of beacon: 752/752[0m
[0;32mI (771) UDP_BC: Soft-AP gestartet: SSID="Leo's Station"[0m
[0;32mI (771) esp_netif_lwip: DHCP server started on interface WIFI_AP_DEF with IP: 192.168.4.1[0m
[0;32mI (791) main_task: Returned from app_main()[0m
UDP-Pakete gesendet pro Sekunde: 52
UDP-Pakete gesendet pro Sekunde: 44
UDP-Pakete gesendet pro Sekunde: 44
UDP-Pakete gesendet pro Sekunde: 44
UDP-Pakete gesendet pro Sekunde: 44
UDP-Pakete gesendet pro Sekunde: 44
UDP-Pakete gesendet pro Sekunde: 44
UDP-Pakete gesendet pro Sekunde: 44
UDP-Pakete gesendet pro Sekunde: 44
UDP-Pakete gesendet pro Sekunde: 44
UDP-Pakete gesendet pro Sekunde: 44
UDP-Pakete gesendet pro Sekunde: 44
UDP-Pakete gesendet pro Sekunde: 44
UDP-Pakete gesendet pro Sekunde: 44
UDP-Pakete gesendet pro Sekunde: 44
UDP-Pakete gesendet pro Sekunde: 44
UDP-Pakete gesendet pro Sekunde: 44
UDP-Pakete gesendet pro Sekunde: 44
UDP-Pakete gesendet pro Sekunde: 44
UDP-Pakete gesendet pro Sekunde: 44
UDP-Pakete gesendet pro Sekunde: 44
UDP-Pakete gesendet pro Sekunde: 44
UDP-Pakete gesendet pro Sekunde: 44
UDP-Pakete gesendet pro Sekunde: 44
UDP-Pakete gesendet pro Sekunde: 44
UDP-Pakete gesendet pro Sekunde: 44
UDP-Pakete gesendet pro Sekunde: 44
UDP-Pakete gesendet pro Sekunde: 44
UDP-Pakete gesendet pro Sekunde: 44
UDP-Pakete gesendet pro Sekunde: 44
UDP-Pakete gesendet pro Sekunde: 44
UDP-Pakete gesendet pro Sekunde: 44
UDP-Pakete gesendet pro Sekunde: 44
UDP-Pakete gesendet pro Sekunde: 44
UDP-Pakete gesendet pro Sekunde: 44
UDP-Pakete gesendet pro Sekunde: 44
UDP-Pakete gesendet pro Sekunde: 44
UDP-Pakete gesendet pro Sekunde: 44
UDP-Pakete gesendet pro Sekunde: 44
UDP-Pakete gesendet pro Sekunde: 44
UDP-Pakete gesendet pro Sekunde: 44
UDP-Pakete gesendet pro Sekunde: 44
UDP-Pakete gesendet pro Sekunde: 44
UDP-Pakete gesendet pro Sekunde: 44
UDP-Pakete gesendet pro Sekunde: 44
UDP-Pakete gesendet pro Sekunde: 44
UDP-Pakete gesendet pro Sekunde: 44
UDP-Pakete gesendet pro Sekunde: 44
UDP-Pakete gesendet pro Sekunde: 44
UDP-Pakete gesendet pro Sekunde: 44
UDP-Pakete gesendet pro Sekunde: 44
UDP-Pakete gesendet pro Sekunde: 44
UDP-Pakete gesendet pro Sekunde: 44
UDP-Pakete gesendet pro Sekunde: 44
UDP-Pakete gesendet pro Sekunde: 44
UDP-Pakete gesendet pro Sekunde: 44
UDP-Pakete gesendet pro Sekunde: 44
UDP-Pakete gesendet pro Sekunde: 44
UDP-Pakete gesendet pro Sekunde: 44
UDP-Pakete gesendet pro Sekunde: 44
UDP-Pakete gesendet pro Sekunde: 44
UDP-Pakete gesendet pro Sekunde: 44
UDP-Pakete gesendet pro Sekunde: 44
UDP-Pakete gesendet pro Sekunde: 44
UDP-Pakete gesendet pro Sekunde: 44
UDP-Pakete gesendet pro Sekunde: 44
UDP-Pakete gesendet pro Sekunde: 44
UDP-Pakete gesendet pro Sekunde: 44
UDP-Pakete gesendet pro Sekunde: 44
U